Archive member included because of file (symbol)

e:/job/imt_sdk_win_64/imt_sdk_win_64/winavr/bin/../lib/gcc/avr/4.3.3/avr5\libgcc.a(_mulsi3.o)
                              ./ADC_Proram.o (__mulsi3)
e:/job/imt_sdk_win_64/imt_sdk_win_64/winavr/bin/../lib/gcc/avr/4.3.3/avr5\libgcc.a(_udivmodhi4.o)
                              ./FireAlarm.o (__udivmodhi4)
e:/job/imt_sdk_win_64/imt_sdk_win_64/winavr/bin/../lib/gcc/avr/4.3.3/avr5\libgcc.a(_udivmodsi4.o)
                              ./TEMP_Filter.o (__udivmodsi4)
e:/job/imt_sdk_win_64/imt_sdk_win_64/winavr/bin/../lib/gcc/avr/4.3.3/avr5\libgcc.a(_divmodsi4.o)
                              ./LCD.o (__divmodsi4)
e:/job/imt_sdk_win_64/imt_sdk_win_64/winavr/bin/../lib/gcc/avr/4.3.3/avr5\libgcc.a(_exit.o)
                              e:/job/imt_sdk_win_64/imt_sdk_win_64/winavr/bin/../lib/gcc/avr/4.3.3/../../../../avr/lib/avr5/crtm32.o (exit)
e:/job/imt_sdk_win_64/imt_sdk_win_64/winavr/bin/../lib/gcc/avr/4.3.3/avr5\libgcc.a(_copy_data.o)
                              ./DIO_Cfg.o (__do_copy_data)
e:/job/imt_sdk_win_64/imt_sdk_win_64/winavr/bin/../lib/gcc/avr/4.3.3/avr5\libgcc.a(_clear_bss.o)
                              ./ADC_Proram.o (__do_clear_bss)
e:/job/imt_sdk_win_64/imt_sdk_win_64/winavr/bin/../lib/gcc/avr/4.3.3/avr5\libgcc.a(_fixunssfsi.o)
                              ./EX_EEPROM.o (__fixunssfsi)
e:/job/imt_sdk_win_64/imt_sdk_win_64/winavr/bin/../lib/gcc/avr/4.3.3/avr5\libgcc.a(_divdi3.o)
                              ./LCD.o (__divdi3)
e:/job/imt_sdk_win_64/imt_sdk_win_64/winavr/bin/../lib/gcc/avr/4.3.3/avr5\libgcc.a(_moddi3.o)
                              ./LCD.o (__moddi3)
e:/job/imt_sdk_win_64/imt_sdk_win_64/winavr/bin/../lib/gcc/avr/4.3.3/avr5\libgcc.a(_addsub_sf.o)
                              e:/job/imt_sdk_win_64/imt_sdk_win_64/winavr/bin/../lib/gcc/avr/4.3.3/avr5\libgcc.a(_fixunssfsi.o) (__subsf3)
e:/job/imt_sdk_win_64/imt_sdk_win_64/winavr/bin/../lib/gcc/avr/4.3.3/avr5\libgcc.a(_mul_sf.o)
                              ./EX_EEPROM.o (__mulsf3)
e:/job/imt_sdk_win_64/imt_sdk_win_64/winavr/bin/../lib/gcc/avr/4.3.3/avr5\libgcc.a(_div_sf.o)
                              ./UART_Service.o (__divsf3)
e:/job/imt_sdk_win_64/imt_sdk_win_64/winavr/bin/../lib/gcc/avr/4.3.3/avr5\libgcc.a(_gt_sf.o)
                              ./EX_EEPROM.o (__gtsf2)
e:/job/imt_sdk_win_64/imt_sdk_win_64/winavr/bin/../lib/gcc/avr/4.3.3/avr5\libgcc.a(_ge_sf.o)
                              e:/job/imt_sdk_win_64/imt_sdk_win_64/winavr/bin/../lib/gcc/avr/4.3.3/avr5\libgcc.a(_fixunssfsi.o) (__gesf2)
e:/job/imt_sdk_win_64/imt_sdk_win_64/winavr/bin/../lib/gcc/avr/4.3.3/avr5\libgcc.a(_lt_sf.o)
                              ./EX_EEPROM.o (__ltsf2)
e:/job/imt_sdk_win_64/imt_sdk_win_64/winavr/bin/../lib/gcc/avr/4.3.3/avr5\libgcc.a(_sf_to_si.o)
                              e:/job/imt_sdk_win_64/imt_sdk_win_64/winavr/bin/../lib/gcc/avr/4.3.3/avr5\libgcc.a(_fixunssfsi.o) (__fixsfsi)
e:/job/imt_sdk_win_64/imt_sdk_win_64/winavr/bin/../lib/gcc/avr/4.3.3/avr5\libgcc.a(_thenan_sf.o)
                              e:/job/imt_sdk_win_64/imt_sdk_win_64/winavr/bin/../lib/gcc/avr/4.3.3/avr5\libgcc.a(_addsub_sf.o) (__thenan_sf)
e:/job/imt_sdk_win_64/imt_sdk_win_64/winavr/bin/../lib/gcc/avr/4.3.3/avr5\libgcc.a(_prologue.o)
                              e:/job/imt_sdk_win_64/imt_sdk_win_64/winavr/bin/../lib/gcc/avr/4.3.3/avr5\libgcc.a(_divdi3.o) (__prologue_saves__)
e:/job/imt_sdk_win_64/imt_sdk_win_64/winavr/bin/../lib/gcc/avr/4.3.3/avr5\libgcc.a(_epilogue.o)
                              e:/job/imt_sdk_win_64/imt_sdk_win_64/winavr/bin/../lib/gcc/avr/4.3.3/avr5\libgcc.a(_divdi3.o) (__epilogue_restores__)
e:/job/imt_sdk_win_64/imt_sdk_win_64/winavr/bin/../lib/gcc/avr/4.3.3/avr5\libgcc.a(_clz.o)
                              e:/job/imt_sdk_win_64/imt_sdk_win_64/winavr/bin/../lib/gcc/avr/4.3.3/avr5\libgcc.a(_divdi3.o) (__clz_tab)
e:/job/imt_sdk_win_64/imt_sdk_win_64/winavr/bin/../lib/gcc/avr/4.3.3/avr5\libgcc.a(_pack_sf.o)
                              e:/job/imt_sdk_win_64/imt_sdk_win_64/winavr/bin/../lib/gcc/avr/4.3.3/avr5\libgcc.a(_addsub_sf.o) (__pack_f)
e:/job/imt_sdk_win_64/imt_sdk_win_64/winavr/bin/../lib/gcc/avr/4.3.3/avr5\libgcc.a(_unpack_sf.o)
                              e:/job/imt_sdk_win_64/imt_sdk_win_64/winavr/bin/../lib/gcc/avr/4.3.3/avr5\libgcc.a(_addsub_sf.o) (__unpack_f)
e:/job/imt_sdk_win_64/imt_sdk_win_64/winavr/bin/../lib/gcc/avr/4.3.3/avr5\libgcc.a(_fpcmp_parts_sf.o)
                              e:/job/imt_sdk_win_64/imt_sdk_win_64/winavr/bin/../lib/gcc/avr/4.3.3/avr5\libgcc.a(_gt_sf.o) (__fpcmp_parts_f)

Memory Configuration

Name             Origin             Length             Attributes
text             0x00000000         0x00020000         xr
data             0x00800060         0x0000ffa0         rw !x
eeprom           0x00810000         0x00010000         rw !x
fuse             0x00820000         0x00000400         rw !x
lock             0x00830000         0x00000400         rw !x
signature        0x00840000         0x00000400         rw !x
*default*        0x00000000         0xffffffff

Linker script and memory map

LOAD e:/job/imt_sdk_win_64/imt_sdk_win_64/winavr/bin/../lib/gcc/avr/4.3.3/../../../../avr/lib/avr5/crtm32.o
LOAD ./ADC_Proram.o
LOAD ./DIO.o
LOAD ./DIO_Cfg.o
LOAD ./EX_EEPROM.o
LOAD ./EX_Interrupt.o
LOAD ./FireAlarm.o
LOAD ./I2C.o
LOAD ./KEYPAD.o
LOAD ./LCD.o
LOAD ./MOTOR.o
LOAD ./MOTOR_Cfg.o
LOAD ./Pot.o
LOAD ./String_Serive.o
LOAD ./TEMP_Filter.o
LOAD ./Temp_Program.o
LOAD ./UART.o
LOAD ./UART_Service.o
LOAD ./WDT.o
LOAD ./main.o
LOAD e:/job/imt_sdk_win_64/imt_sdk_win_64/winavr/bin/../lib/gcc/avr/4.3.3/avr5\libgcc.a
LOAD e:/job/imt_sdk_win_64/imt_sdk_win_64/winavr/bin/../lib/gcc/avr/4.3.3/../../../../avr/lib/avr5\libc.a
LOAD e:/job/imt_sdk_win_64/imt_sdk_win_64/winavr/bin/../lib/gcc/avr/4.3.3/avr5\libgcc.a

.hash
 *(.hash)

.dynsym
 *(.dynsym)

.dynstr
 *(.dynstr)

.gnu.version
 *(.gnu.version)

.gnu.version_d
 *(.gnu.version_d)

.gnu.version_r
 *(.gnu.version_r)

.rel.init
 *(.rel.init)

.rela.init
 *(.rela.init)

.rel.text
 *(.rel.text)
 *(.rel.text.*)
 *(.rel.gnu.linkonce.t*)

.rela.text
 *(.rela.text)
 *(.rela.text.*)
 *(.rela.gnu.linkonce.t*)

.rel.fini
 *(.rel.fini)

.rela.fini
 *(.rela.fini)

.rel.rodata
 *(.rel.rodata)
 *(.rel.rodata.*)
 *(.rel.gnu.linkonce.r*)

.rela.rodata
 *(.rela.rodata)
 *(.rela.rodata.*)
 *(.rela.gnu.linkonce.r*)

.rel.data
 *(.rel.data)
 *(.rel.data.*)
 *(.rel.gnu.linkonce.d*)

.rela.data
 *(.rela.data)
 *(.rela.data.*)
 *(.rela.gnu.linkonce.d*)

.rel.ctors
 *(.rel.ctors)

.rela.ctors
 *(.rela.ctors)

.rel.dtors
 *(.rel.dtors)

.rela.dtors
 *(.rela.dtors)

.rel.got
 *(.rel.got)

.rela.got
 *(.rela.got)

.rel.bss
 *(.rel.bss)

.rela.bss
 *(.rela.bss)

.rel.plt
 *(.rel.plt)

.rela.plt
 *(.rela.plt)

.text           0x00000000     0x7b2c
 *(.vectors)
 .vectors       0x00000000       0x54 e:/job/imt_sdk_win_64/imt_sdk_win_64/winavr/bin/../lib/gcc/avr/4.3.3/../../../../avr/lib/avr5/crtm32.o
                0x00000000                __vectors
                0x00000000                __vector_default
 *(.vectors)
 *(.progmem.gcc*)
 *(.progmem*)
                0x00000054                . = ALIGN (0x2)
                0x00000054                __trampolines_start = .
 *(.trampolines)
 .trampolines   0x00000054        0x0 linker stubs
 *(.trampolines*)
                0x00000054                __trampolines_end = .
 *(.jumptables)
 *(.jumptables*)
 *(.lowtext)
 *(.lowtext*)
                0x00000054                __ctors_start = .
 *(.ctors)
                0x00000054                __ctors_end = .
                0x00000054                __dtors_start = .
 *(.dtors)
                0x00000054                __dtors_end = .
 SORT(*)(.ctors)
 SORT(*)(.dtors)
 *(.init0)
 .init0         0x00000054        0x0 e:/job/imt_sdk_win_64/imt_sdk_win_64/winavr/bin/../lib/gcc/avr/4.3.3/../../../../avr/lib/avr5/crtm32.o
                0x00000054                __init
 *(.init0)
 *(.init1)
 *(.init1)
 *(.init2)
 .init2         0x00000054        0xc e:/job/imt_sdk_win_64/imt_sdk_win_64/winavr/bin/../lib/gcc/avr/4.3.3/../../../../avr/lib/avr5/crtm32.o
 *(.init2)
 *(.init3)
 *(.init3)
 *(.init4)
 .init4         0x00000060       0x16 e:/job/imt_sdk_win_64/imt_sdk_win_64/winavr/bin/../lib/gcc/avr/4.3.3/avr5\libgcc.a(_copy_data.o)
                0x00000060                __do_copy_data
 .init4         0x00000076       0x10 e:/job/imt_sdk_win_64/imt_sdk_win_64/winavr/bin/../lib/gcc/avr/4.3.3/avr5\libgcc.a(_clear_bss.o)
                0x00000076                __do_clear_bss
 *(.init4)
 *(.init5)
 *(.init5)
 *(.init6)
 *(.init6)
 *(.init7)
 *(.init7)
 *(.init8)
 *(.init8)
 *(.init9)
 .init9         0x00000086        0x8 e:/job/imt_sdk_win_64/imt_sdk_win_64/winavr/bin/../lib/gcc/avr/4.3.3/../../../../avr/lib/avr5/crtm32.o
 *(.init9)
 *(.text)
 .text          0x0000008e        0x4 e:/job/imt_sdk_win_64/imt_sdk_win_64/winavr/bin/../lib/gcc/avr/4.3.3/../../../../avr/lib/avr5/crtm32.o
                0x0000008e                __vector_12
                0x0000008e                __bad_interrupt
                0x0000008e                __vector_6
                0x0000008e                __vector_11
                0x0000008e                __vector_17
                0x0000008e                __vector_19
                0x0000008e                __vector_7
                0x0000008e                __vector_5
                0x0000008e                __vector_4
                0x0000008e                __vector_9
                0x0000008e                __vector_8
                0x0000008e                __vector_14
                0x0000008e                __vector_10
                0x0000008e                __vector_18
                0x0000008e                __vector_20
 .text          0x00000092        0x0 ./ADC_Proram.o
 .text          0x00000092        0x0 ./DIO.o
 .text          0x00000092        0x0 ./DIO_Cfg.o
 .text          0x00000092        0x0 ./EX_EEPROM.o
 .text          0x00000092        0x0 ./EX_Interrupt.o
 .text          0x00000092        0x0 ./FireAlarm.o
 .text          0x00000092        0x0 ./I2C.o
 .text          0x00000092        0x0 ./KEYPAD.o
 .text          0x00000092        0x0 ./LCD.o
 .text          0x00000092        0x0 ./MOTOR.o
 .text          0x00000092        0x0 ./MOTOR_Cfg.o
 .text          0x00000092        0x0 ./Pot.o
 .text          0x00000092        0x0 ./String_Serive.o
 .text          0x00000092        0x0 ./TEMP_Filter.o
 .text          0x00000092        0x0 ./Temp_Program.o
 .text          0x00000092        0x0 ./UART.o
 .text          0x00000092        0x0 ./UART_Service.o
 .text          0x00000092        0x0 ./WDT.o
 .text          0x00000092        0x0 ./main.o
 .text          0x00000092        0x0 e:/job/imt_sdk_win_64/imt_sdk_win_64/winavr/bin/../lib/gcc/avr/4.3.3/avr5\libgcc.a(_mulsi3.o)
 .text          0x00000092        0x0 e:/job/imt_sdk_win_64/imt_sdk_win_64/winavr/bin/../lib/gcc/avr/4.3.3/avr5\libgcc.a(_udivmodhi4.o)
 .text          0x00000092        0x0 e:/job/imt_sdk_win_64/imt_sdk_win_64/winavr/bin/../lib/gcc/avr/4.3.3/avr5\libgcc.a(_udivmodsi4.o)
 .text          0x00000092        0x0 e:/job/imt_sdk_win_64/imt_sdk_win_64/winavr/bin/../lib/gcc/avr/4.3.3/avr5\libgcc.a(_divmodsi4.o)
 .text          0x00000092        0x0 e:/job/imt_sdk_win_64/imt_sdk_win_64/winavr/bin/../lib/gcc/avr/4.3.3/avr5\libgcc.a(_exit.o)
 .text          0x00000092        0x0 e:/job/imt_sdk_win_64/imt_sdk_win_64/winavr/bin/../lib/gcc/avr/4.3.3/avr5\libgcc.a(_copy_data.o)
 .text          0x00000092        0x0 e:/job/imt_sdk_win_64/imt_sdk_win_64/winavr/bin/../lib/gcc/avr/4.3.3/avr5\libgcc.a(_clear_bss.o)
 .text          0x00000092       0x58 e:/job/imt_sdk_win_64/imt_sdk_win_64/winavr/bin/../lib/gcc/avr/4.3.3/avr5\libgcc.a(_fixunssfsi.o)
                0x00000092                __fixunssfsi
 .text          0x000000ea     0x1050 e:/job/imt_sdk_win_64/imt_sdk_win_64/winavr/bin/../lib/gcc/avr/4.3.3/avr5\libgcc.a(_divdi3.o)
                0x000000ea                __divdi3
 .text          0x0000113a     0x107a e:/job/imt_sdk_win_64/imt_sdk_win_64/winavr/bin/../lib/gcc/avr/4.3.3/avr5\libgcc.a(_moddi3.o)
                0x0000113a                __moddi3
 .text          0x000021b4      0x354 e:/job/imt_sdk_win_64/imt_sdk_win_64/winavr/bin/../lib/gcc/avr/4.3.3/avr5\libgcc.a(_addsub_sf.o)
                0x0000244c                __subsf3
                0x000024ae                __addsf3
 .text          0x00002508      0x1f4 e:/job/imt_sdk_win_64/imt_sdk_win_64/winavr/bin/../lib/gcc/avr/4.3.3/avr5\libgcc.a(_mul_sf.o)
                0x00002508                __mulsf3
 .text          0x000026fc      0x158 e:/job/imt_sdk_win_64/imt_sdk_win_64/winavr/bin/../lib/gcc/avr/4.3.3/avr5\libgcc.a(_div_sf.o)
                0x000026fc                __divsf3
 .text          0x00002854       0x60 e:/job/imt_sdk_win_64/imt_sdk_win_64/winavr/bin/../lib/gcc/avr/4.3.3/avr5\libgcc.a(_gt_sf.o)
                0x00002854                __gtsf2
 .text          0x000028b4       0x60 e:/job/imt_sdk_win_64/imt_sdk_win_64/winavr/bin/../lib/gcc/avr/4.3.3/avr5\libgcc.a(_ge_sf.o)
                0x000028b4                __gesf2
 .text          0x00002914       0x60 e:/job/imt_sdk_win_64/imt_sdk_win_64/winavr/bin/../lib/gcc/avr/4.3.3/avr5\libgcc.a(_lt_sf.o)
                0x00002914                __ltsf2
 .text          0x00002974       0xa8 e:/job/imt_sdk_win_64/imt_sdk_win_64/winavr/bin/../lib/gcc/avr/4.3.3/avr5\libgcc.a(_sf_to_si.o)
                0x00002974                __fixsfsi
 .text          0x00002a1c        0x0 e:/job/imt_sdk_win_64/imt_sdk_win_64/winavr/bin/../lib/gcc/avr/4.3.3/avr5\libgcc.a(_thenan_sf.o)
 .text          0x00002a1c        0x0 e:/job/imt_sdk_win_64/imt_sdk_win_64/winavr/bin/../lib/gcc/avr/4.3.3/avr5\libgcc.a(_prologue.o)
 .text          0x00002a1c        0x0 e:/job/imt_sdk_win_64/imt_sdk_win_64/winavr/bin/../lib/gcc/avr/4.3.3/avr5\libgcc.a(_epilogue.o)
 .text          0x00002a1c        0x0 e:/job/imt_sdk_win_64/imt_sdk_win_64/winavr/bin/../lib/gcc/avr/4.3.3/avr5\libgcc.a(_clz.o)
 .text          0x00002a1c      0x1aa e:/job/imt_sdk_win_64/imt_sdk_win_64/winavr/bin/../lib/gcc/avr/4.3.3/avr5\libgcc.a(_pack_sf.o)
                0x00002a1c                __pack_f
 .text          0x00002bc6       0xf0 e:/job/imt_sdk_win_64/imt_sdk_win_64/winavr/bin/../lib/gcc/avr/4.3.3/avr5\libgcc.a(_unpack_sf.o)
                0x00002bc6                __unpack_f
 .text          0x00002cb6       0xb2 e:/job/imt_sdk_win_64/imt_sdk_win_64/winavr/bin/../lib/gcc/avr/4.3.3/avr5\libgcc.a(_fpcmp_parts_sf.o)
                0x00002cb6                __fpcmp_parts_f
                0x00002d68                . = ALIGN (0x2)
 *(.text.*)
 .text.ADC_Init
                0x00002d68       0x54 ./ADC_Proram.o
                0x00002d68                ADC_Init
 .text.ADC_Read
                0x00002dbc       0x62 ./ADC_Proram.o
                0x00002dbc                ADC_Read
 .text.ADC_Volt_Read
                0x00002e1e       0x62 ./ADC_Proram.o
                0x00002e1e                ADC_Volt_Read
 .text.ADC_StartConversion
                0x00002e80       0x40 ./ADC_Proram.o
                0x00002e80                ADC_StartConversion
 .text.ADC_IntEnable
                0x00002ec0       0x1c ./ADC_Proram.o
                0x00002ec0                ADC_IntEnable
 .text.ADC_IntDisable
                0x00002edc       0x1c ./ADC_Proram.o
                0x00002edc                ADC_IntDisable
 .text.ADC_SetCallback
                0x00002ef8       0x24 ./ADC_Proram.o
                0x00002ef8                ADC_SetCallback
 .text.__vector_16
                0x00002f1c       0x66 ./ADC_Proram.o
                0x00002f1c                __vector_16
 .text.DIO_InitPin
                0x00002f82      0x4e0 ./DIO.o
 .text.DIO_Init
                0x00003462       0x38 ./DIO.o
                0x00003462                DIO_Init
 .text.DIO_WritePin
                0x0000349a      0x194 ./DIO.o
                0x0000349a                DIO_WritePin
 .text.DIO_ReadPin
                0x0000362e      0x104 ./DIO.o
                0x0000362e                DIO_ReadPin
 .text.DIO_TogglePin
                0x00003732      0x10c ./DIO.o
                0x00003732                DIO_TogglePin
 .text.DIO_WritePort
                0x0000383e       0x82 ./DIO.o
                0x0000383e                DIO_WritePort
 .text.DIO_ReadePort
                0x000038c0       0x84 ./DIO.o
                0x000038c0                DIO_ReadePort
 .text.EEPROM_ReadChar
                0x00003944       0x44 ./EX_EEPROM.o
                0x00003944                EEPROM_ReadChar
 .text.EEPROM_WriteChar
                0x00003988      0x128 ./EX_EEPROM.o
                0x00003988                EEPROM_WriteChar
 .text.EEPROM_WriteString
                0x00003ab0       0x52 ./EX_EEPROM.o
                0x00003ab0                EEPROM_WriteString
 .text.EEPROM_ReadString
                0x00003b02       0x4e ./EX_EEPROM.o
                0x00003b02                EEPROM_ReadString
 .text.EXI_Enable
                0x00003b50       0x6e ./EX_Interrupt.o
                0x00003b50                EXI_Enable
 .text.EXI_Disble
                0x00003bbe       0x6e ./EX_Interrupt.o
                0x00003bbe                EXI_Disble
 .text.EXI_Init
                0x00003c2c       0x26 ./EX_Interrupt.o
                0x00003c2c                EXI_Init
 .text.EXI_TriggerEdge
                0x00003c52      0x200 ./EX_Interrupt.o
                0x00003c52                EXI_TriggerEdge
 .text.EXI_SetCallBack
                0x00003e52       0x72 ./EX_Interrupt.o
                0x00003e52                EXI_SetCallBack
 .text.__vector_1
                0x00003ec4       0x66 ./EX_Interrupt.o
                0x00003ec4                __vector_1
 .text.__vector_2
                0x00003f2a       0x66 ./EX_Interrupt.o
                0x00003f2a                __vector_2
 .text.__vector_3
                0x00003f90       0x66 ./EX_Interrupt.o
                0x00003f90                __vector_3
 .text.Change_Pass
                0x00003ff6       0x1a ./FireAlarm.o
                0x00003ff6                Change_Pass
 .text.FireAlarm_Init
                0x00004010       0x58 ./FireAlarm.o
                0x00004010                FireAlarm_Init
 .text.FireAlarm_Runnable
                0x00004068      0x704 ./FireAlarm.o
                0x00004068                FireAlarm_Runnable
 .text.I2C_Master_voidInit
                0x0000476c       0x40 ./I2C.o
                0x0000476c                I2C_Master_voidInit
 .text.I2C_Slave_voidInit
                0x000047ac       0x46 ./I2C.o
                0x000047ac                I2C_Slave_voidInit
 .text.I2C_Master_enuSendStartCond
                0x000047f2       0x42 ./I2C.o
                0x000047f2                I2C_Master_enuSendStartCond
 .text.I2C_Master_enuSendRepeatedStartCond
                0x00004834       0x42 ./I2C.o
                0x00004834                I2C_Master_enuSendRepeatedStartCond
 .text.I2C_Master_enuSendSlaveAddressWithWrite
                0x00004876       0x4e ./I2C.o
                0x00004876                I2C_Master_enuSendSlaveAddressWithWrite
 .text.I2C_Master_enuSendSlaveAddressWithRead
                0x000048c4       0x5e ./I2C.o
                0x000048c4                I2C_Master_enuSendSlaveAddressWithRead
 .text.I2C_slave_avilable
                0x00004922       0x42 ./I2C.o
                0x00004922                I2C_slave_avilable
 .text.I2C_Master_enuSendu8Data
                0x00004964       0x4e ./I2C.o
                0x00004964                I2C_Master_enuSendu8Data
 .text.I2C_Master_enuReadu8Data
                0x000049b2       0x58 ./I2C.o
                0x000049b2                I2C_Master_enuReadu8Data
 .text.I2C_Master_enuSendStopCond
                0x00004a0a       0x2c ./I2C.o
                0x00004a0a                I2C_Master_enuSendStopCond
 .text.I2C_Slave_enuReadu8Data
                0x00004a36       0x58 ./I2C.o
                0x00004a36                I2C_Slave_enuReadu8Data
 .text.I2C_SendChar
                0x00004a8e       0x64 ./I2C.o
                0x00004a8e                I2C_SendChar
 .text.I2C_ReceiveChar
                0x00004af2       0x4e ./I2C.o
                0x00004af2                I2C_ReceiveChar
 .text.KEYPAD_Init
                0x00004b40       0x2e ./KEYPAD.o
                0x00004b40                KEYPAD_Init
 .text.KEYPAD_GetKey
                0x00004b6e      0x26e ./KEYPAD.o
                0x00004b6e                KEYPAD_GetKey
 .text.string_len
                0x00004ddc       0x44 ./LCD.o
                0x00004ddc                string_len
 .text.string_reverse
                0x00004e20       0xaa ./LCD.o
                0x00004e20                string_reverse
 .text.decimal_to_string
                0x00004eca      0x1a6 ./LCD.o
                0x00004eca                decimal_to_string
 .text.decimal_to_hex
                0x00005070       0xe6 ./LCD.o
                0x00005070                decimal_to_hex
 .text.decimal_to_binary
                0x00005156       0xf4 ./LCD.o
                0x00005156                decimal_to_binary
 .text.Write_Ins
                0x0000524a      0x2aa ./LCD.o
 .text.Write_Data
                0x000054f4      0x2aa ./LCD.o
 .text.LCD_Init
                0x0000579e      0x3d4 ./LCD.o
                0x0000579e                LCD_Init
 .text.LCD_Clear
                0x00005b72      0x118 ./LCD.o
                0x00005b72                LCD_Clear
 .text.LCD_ClearPart
                0x00005c8a       0x40 ./LCD.o
                0x00005c8a                LCD_ClearPart
 .text.LCD_GoTO
                0x00005cca       0x44 ./LCD.o
                0x00005cca                LCD_GoTO
 .text.LCD_WriteChar
                0x00005d0e       0x46 ./LCD.o
                0x00005d0e                LCD_WriteChar
 .text.LCD_WriteString
                0x00005d54       0x5a ./LCD.o
                0x00005d54                LCD_WriteString
 .text.LCD_WriteNum
                0x00005dae      0x554 ./LCD.o
                0x00005dae                LCD_WriteNum
 .text.LCD_WriteBinary
                0x00006302       0x96 ./LCD.o
                0x00006302                LCD_WriteBinary
 .text.LCD_WriteHex
                0x00006398      0x110 ./LCD.o
                0x00006398                LCD_WriteHex
 .text.LCD_Write_4D
                0x000064a8      0x11e ./LCD.o
                0x000064a8                LCD_Write_4D
 .text.LCD_CustomChar
                0x000065c6       0x6c ./LCD.o
                0x000065c6                LCD_CustomChar
 .text.LCD_WriteStringGoTo
                0x00006632       0x32 ./LCD.o
                0x00006632                LCD_WriteStringGoTo
 .text.LCD_name
                0x00006664       0x76 ./LCD.o
                0x00006664                LCD_name
 .text.LCD_Man  0x000066da      0x340 ./LCD.o
                0x000066da                LCD_Man
 .text.MOTOR_Stop
                0x00006a1a       0x6e ./MOTOR.o
                0x00006a1a                MOTOR_Stop
 .text.MOTOR_Cw
                0x00006a88       0x6e ./MOTOR.o
                0x00006a88                MOTOR_Cw
 .text.MOTOR_Ccw
                0x00006af6       0x6e ./MOTOR.o
                0x00006af6                MOTOR_Ccw
 .text.MOTOR_Init
                0x00006b64       0x14 ./MOTOR.o
                0x00006b64                MOTOR_Init
 .text.Pot_Get_Synch
                0x00006b78       0x5a ./Pot.o
                0x00006b78                Pot_Get_Synch
 .text.String_Len
                0x00006bd2       0x40 ./String_Serive.o
                0x00006bd2                String_Len
 .text.String_Reverse
                0x00006c12       0x98 ./String_Serive.o
                0x00006c12                String_Reverse
 .text.String_Cpy
                0x00006caa       0x7c ./String_Serive.o
                0x00006caa                String_Cpy
 .text.String_Cmpr
                0x00006d26       0xe8 ./String_Serive.o
                0x00006d26                String_Cmpr
 .text.String_To_Decimal
                0x00006e0e       0xac ./String_Serive.o
                0x00006e0e                String_To_Decimal
 .text.String_Print
                0x00006eba       0x52 ./String_Serive.o
                0x00006eba                String_Print
 .text.FILTER_init
                0x00006f0c       0x2a ./TEMP_Filter.o
                0x00006f0c                FILTER_init
 .text.FILTER_Runnable
                0x00006f36      0x168 ./TEMP_Filter.o
                0x00006f36                FILTER_Runnable
 .text.FILTER_GetFilteredTemp
                0x0000709e       0x16 ./TEMP_Filter.o
                0x0000709e                FILTER_GetFilteredTemp
 .text.FILTER_GetUnFilteredTemp
                0x000070b4       0x16 ./TEMP_Filter.o
                0x000070b4                FILTER_GetUnFilteredTemp
 .text.ADC_ReadFunc
                0x000070ca       0x24 ./Temp_Program.o
                0x000070ca                ADC_ReadFunc
 .text.ADC_ReadVoltFunc
                0x000070ee       0x60 ./Temp_Program.o
                0x000070ee                ADC_ReadVoltFunc
 .text.Temp_Init
                0x0000714e       0x20 ./Temp_Program.o
                0x0000714e                Temp_Init
 .text.Temp_Get
                0x0000716e       0x54 ./Temp_Program.o
                0x0000716e                Temp_Get
 .text.Temp_Get_Synch
                0x000071c2       0x52 ./Temp_Program.o
                0x000071c2                Temp_Get_Synch
 .text.UART_Init
                0x00007214       0x40 ./UART.o
                0x00007214                UART_Init
 .text.UART_Send
                0x00007254       0x34 ./UART.o
                0x00007254                UART_Send
 .text.UART_Receive
                0x00007288       0x26 ./UART.o
                0x00007288                UART_Receive
 .text.UART_ReceivePerodic
                0x000072ae       0x3c ./UART.o
                0x000072ae                UART_ReceivePerodic
 .text.UART_SendNoBlock
                0x000072ea       0x1c ./UART.o
                0x000072ea                UART_SendNoBlock
 .text.UART_ReceiveNoBlock
                0x00007306       0x14 ./UART.o
                0x00007306                UART_ReceiveNoBlock
 .text.UART_Tx_InterruptEnable
                0x0000731a       0x1c ./UART.o
                0x0000731a                UART_Tx_InterruptEnable
 .text.UART_Tx_InterruptDisable
                0x00007336       0x1c ./UART.o
                0x00007336                UART_Tx_InterruptDisable
 .text.UART_Rx_InterruptEnable
                0x00007352       0x1c ./UART.o
                0x00007352                UART_Rx_InterruptEnable
 .text.UART_Rx_InterruptDisable
                0x0000736e       0x1c ./UART.o
                0x0000736e                UART_Rx_InterruptDisable
 .text.UART_Tx_SetCallback
                0x0000738a       0x24 ./UART.o
                0x0000738a                UART_Tx_SetCallback
 .text.UART_Rx_SetCallback
                0x000073ae       0x24 ./UART.o
                0x000073ae                UART_Rx_SetCallback
 .text.__vector_15
                0x000073d2       0x66 ./UART.o
                0x000073d2                __vector_15
 .text.__vector_13
                0x00007438       0x66 ./UART.o
                0x00007438                __vector_13
 .text.UART_Frame_Sw
                0x0000749e       0x78 ./UART_Service.o
                0x0000749e                UART_Frame_Sw
 .text.UART_Send_Sw
                0x00007516      0x2e0 ./UART_Service.o
                0x00007516                UART_Send_Sw
 .text.UART_SendString
                0x000077f6       0x52 ./UART_Service.o
                0x000077f6                UART_SendString
 .text.UART_ReceiveString
                0x00007848       0x7a ./UART_Service.o
                0x00007848                UART_ReceiveString
 .text.UART_SendNum1
                0x000078c2       0x5c ./UART_Service.o
                0x000078c2                UART_SendNum1
 .text.WDT_Set  0x0000791e       0x34 ./WDT.o
                0x0000791e                WDT_Set
 .text.WDT_Stop
                0x00007952       0x32 ./WDT.o
                0x00007952                WDT_Stop
 .text.WDT_Reset
                0x00007984       0x1e ./WDT.o
                0x00007984                WDT_Reset
 .text.main     0x000079a2       0x38 ./main.o
                0x000079a2                main
 .text.libgcc   0x000079da       0x3e e:/job/imt_sdk_win_64/imt_sdk_win_64/winavr/bin/../lib/gcc/avr/4.3.3/avr5\libgcc.a(_mulsi3.o)
                0x000079da                __mulsi3
 .text.libgcc   0x00007a18       0x28 e:/job/imt_sdk_win_64/imt_sdk_win_64/winavr/bin/../lib/gcc/avr/4.3.3/avr5\libgcc.a(_udivmodhi4.o)
                0x00007a18                __udivmodhi4
 .text.libgcc   0x00007a40       0x44 e:/job/imt_sdk_win_64/imt_sdk_win_64/winavr/bin/../lib/gcc/avr/4.3.3/avr5\libgcc.a(_udivmodsi4.o)
                0x00007a40                __udivmodsi4
 .text.libgcc   0x00007a84       0x36 e:/job/imt_sdk_win_64/imt_sdk_win_64/winavr/bin/../lib/gcc/avr/4.3.3/avr5\libgcc.a(_divmodsi4.o)
                0x00007a84                __divmodsi4
 .text.libgcc   0x00007aba        0x0 e:/job/imt_sdk_win_64/imt_sdk_win_64/winavr/bin/../lib/gcc/avr/4.3.3/avr5\libgcc.a(_exit.o)
 .text.libgcc   0x00007aba        0x0 e:/job/imt_sdk_win_64/imt_sdk_win_64/winavr/bin/../lib/gcc/avr/4.3.3/avr5\libgcc.a(_copy_data.o)
 .text.libgcc   0x00007aba        0x0 e:/job/imt_sdk_win_64/imt_sdk_win_64/winavr/bin/../lib/gcc/avr/4.3.3/avr5\libgcc.a(_clear_bss.o)
 .text.libgcc   0x00007aba       0x38 e:/job/imt_sdk_win_64/imt_sdk_win_64/winavr/bin/../lib/gcc/avr/4.3.3/avr5\libgcc.a(_prologue.o)
                0x00007aba                __prologue_saves__
 .text.libgcc   0x00007af2       0x36 e:/job/imt_sdk_win_64/imt_sdk_win_64/winavr/bin/../lib/gcc/avr/4.3.3/avr5\libgcc.a(_epilogue.o)
                0x00007af2                __epilogue_restores__
                0x00007b28                . = ALIGN (0x2)
 *(.fini9)
 .fini9         0x00007b28        0x0 e:/job/imt_sdk_win_64/imt_sdk_win_64/winavr/bin/../lib/gcc/avr/4.3.3/avr5\libgcc.a(_exit.o)
                0x00007b28                exit
                0x00007b28                _exit
 *(.fini9)
 *(.fini8)
 *(.fini8)
 *(.fini7)
 *(.fini7)
 *(.fini6)
 *(.fini6)
 *(.fini5)
 *(.fini5)
 *(.fini4)
 *(.fini4)
 *(.fini3)
 *(.fini3)
 *(.fini2)
 *(.fini2)
 *(.fini1)
 *(.fini1)
 *(.fini0)
 .fini0         0x00007b28        0x4 e:/job/imt_sdk_win_64/imt_sdk_win_64/winavr/bin/../lib/gcc/avr/4.3.3/avr5\libgcc.a(_exit.o)
 *(.fini0)
                0x00007b2c                _etext = .

.data           0x00800060      0x1d6 load address 0x00007b2c
                0x00800060                PROVIDE (__data_start, .)
 *(.data)
 .data          0x00800060        0x0 e:/job/imt_sdk_win_64/imt_sdk_win_64/winavr/bin/../lib/gcc/avr/4.3.3/../../../../avr/lib/avr5/crtm32.o
 .data          0x00800060        0x0 ./ADC_Proram.o
 .data          0x00800060        0x0 ./DIO.o
 .data          0x00800060        0x0 ./DIO_Cfg.o
 .data          0x00800060        0x0 ./EX_EEPROM.o
 .data          0x00800060        0x0 ./EX_Interrupt.o
 .data          0x00800060       0x88 ./FireAlarm.o
 .data          0x008000e8        0x0 ./I2C.o
 .data          0x008000e8        0x0 ./KEYPAD.o
 .data          0x008000e8        0xa ./LCD.o
 .data          0x008000f2        0x0 ./MOTOR.o
 .data          0x008000f2        0x0 ./MOTOR_Cfg.o
 .data          0x008000f2        0x0 ./Pot.o
 .data          0x008000f2        0x0 ./String_Serive.o
 .data          0x008000f2        0x0 ./TEMP_Filter.o
 .data          0x008000f2        0x0 ./Temp_Program.o
 .data          0x008000f2        0x0 ./UART.o
 .data          0x008000f2        0x0 ./UART_Service.o
 .data          0x008000f2        0x0 ./WDT.o
 .data          0x008000f2        0x0 ./main.o
 .data          0x008000f2        0x0 e:/job/imt_sdk_win_64/imt_sdk_win_64/winavr/bin/../lib/gcc/avr/4.3.3/avr5\libgcc.a(_mulsi3.o)
 .data          0x008000f2        0x0 e:/job/imt_sdk_win_64/imt_sdk_win_64/winavr/bin/../lib/gcc/avr/4.3.3/avr5\libgcc.a(_udivmodhi4.o)
 .data          0x008000f2        0x0 e:/job/imt_sdk_win_64/imt_sdk_win_64/winavr/bin/../lib/gcc/avr/4.3.3/avr5\libgcc.a(_udivmodsi4.o)
 .data          0x008000f2        0x0 e:/job/imt_sdk_win_64/imt_sdk_win_64/winavr/bin/../lib/gcc/avr/4.3.3/avr5\libgcc.a(_divmodsi4.o)
 .data          0x008000f2        0x0 e:/job/imt_sdk_win_64/imt_sdk_win_64/winavr/bin/../lib/gcc/avr/4.3.3/avr5\libgcc.a(_exit.o)
 .data          0x008000f2        0x0 e:/job/imt_sdk_win_64/imt_sdk_win_64/winavr/bin/../lib/gcc/avr/4.3.3/avr5\libgcc.a(_copy_data.o)
 .data          0x008000f2        0x0 e:/job/imt_sdk_win_64/imt_sdk_win_64/winavr/bin/../lib/gcc/avr/4.3.3/avr5\libgcc.a(_clear_bss.o)
 .data          0x008000f2        0x0 e:/job/imt_sdk_win_64/imt_sdk_win_64/winavr/bin/../lib/gcc/avr/4.3.3/avr5\libgcc.a(_fixunssfsi.o)
 .data          0x008000f2        0x0 e:/job/imt_sdk_win_64/imt_sdk_win_64/winavr/bin/../lib/gcc/avr/4.3.3/avr5\libgcc.a(_divdi3.o)
 .data          0x008000f2        0x0 e:/job/imt_sdk_win_64/imt_sdk_win_64/winavr/bin/../lib/gcc/avr/4.3.3/avr5\libgcc.a(_moddi3.o)
 .data          0x008000f2        0x0 e:/job/imt_sdk_win_64/imt_sdk_win_64/winavr/bin/../lib/gcc/avr/4.3.3/avr5\libgcc.a(_addsub_sf.o)
 .data          0x008000f2        0x0 e:/job/imt_sdk_win_64/imt_sdk_win_64/winavr/bin/../lib/gcc/avr/4.3.3/avr5\libgcc.a(_mul_sf.o)
 .data          0x008000f2        0x0 e:/job/imt_sdk_win_64/imt_sdk_win_64/winavr/bin/../lib/gcc/avr/4.3.3/avr5\libgcc.a(_div_sf.o)
 .data          0x008000f2        0x0 e:/job/imt_sdk_win_64/imt_sdk_win_64/winavr/bin/../lib/gcc/avr/4.3.3/avr5\libgcc.a(_gt_sf.o)
 .data          0x008000f2        0x0 e:/job/imt_sdk_win_64/imt_sdk_win_64/winavr/bin/../lib/gcc/avr/4.3.3/avr5\libgcc.a(_ge_sf.o)
 .data          0x008000f2        0x0 e:/job/imt_sdk_win_64/imt_sdk_win_64/winavr/bin/../lib/gcc/avr/4.3.3/avr5\libgcc.a(_lt_sf.o)
 .data          0x008000f2        0x0 e:/job/imt_sdk_win_64/imt_sdk_win_64/winavr/bin/../lib/gcc/avr/4.3.3/avr5\libgcc.a(_sf_to_si.o)
 .data          0x008000f2        0x8 e:/job/imt_sdk_win_64/imt_sdk_win_64/winavr/bin/../lib/gcc/avr/4.3.3/avr5\libgcc.a(_thenan_sf.o)
                0x008000f2                __thenan_sf
 .data          0x008000fa        0x0 e:/job/imt_sdk_win_64/imt_sdk_win_64/winavr/bin/../lib/gcc/avr/4.3.3/avr5\libgcc.a(_prologue.o)
 .data          0x008000fa        0x0 e:/job/imt_sdk_win_64/imt_sdk_win_64/winavr/bin/../lib/gcc/avr/4.3.3/avr5\libgcc.a(_epilogue.o)
 .data          0x008000fa      0x100 e:/job/imt_sdk_win_64/imt_sdk_win_64/winavr/bin/../lib/gcc/avr/4.3.3/avr5\libgcc.a(_clz.o)
                0x008000fa                __clz_tab
 .data          0x008001fa        0x0 e:/job/imt_sdk_win_64/imt_sdk_win_64/winavr/bin/../lib/gcc/avr/4.3.3/avr5\libgcc.a(_pack_sf.o)
 .data          0x008001fa        0x0 e:/job/imt_sdk_win_64/imt_sdk_win_64/winavr/bin/../lib/gcc/avr/4.3.3/avr5\libgcc.a(_unpack_sf.o)
 .data          0x008001fa        0x0 e:/job/imt_sdk_win_64/imt_sdk_win_64/winavr/bin/../lib/gcc/avr/4.3.3/avr5\libgcc.a(_fpcmp_parts_sf.o)
 *(.data*)
 *(.rodata)
 *(.rodata*)
 .rodata.DIO_PinsStatusArr
                0x008001fa       0x20 ./DIO_Cfg.o
                0x008001fa                DIO_PinsStatusArr
 .rodata.KEYPADArr
                0x0080021a       0x10 ./KEYPAD.o
                0x0080021a                KEYPADArr
 .rodata.MOTOR_PinsStatusArr
                0x0080022a        0xc ./MOTOR_Cfg.o
                0x0080022a                MOTOR_PinsStatusArr
 *(.gnu.linkonce.d*)
                0x00800236                . = ALIGN (0x2)
                0x00800236                _edata = .
                0x00800236                PROVIDE (__data_end, .)

.bss            0x00800236       0x52
                0x00800236                PROVIDE (__bss_start, .)
 *(.bss)
 .bss           0x00800236        0x0 e:/job/imt_sdk_win_64/imt_sdk_win_64/winavr/bin/../lib/gcc/avr/4.3.3/../../../../avr/lib/avr5/crtm32.o
 .bss           0x00800236        0x0 ./ADC_Proram.o
 .bss           0x00800236        0x0 ./DIO.o
 .bss           0x00800236        0x0 ./DIO_Cfg.o
 .bss           0x00800236        0x0 ./EX_EEPROM.o
 .bss           0x00800236        0x0 ./EX_Interrupt.o
 .bss           0x00800236        0x0 ./FireAlarm.o
 .bss           0x00800236        0x0 ./I2C.o
 .bss           0x00800236        0x0 ./KEYPAD.o
 .bss           0x00800236        0x0 ./LCD.o
 .bss           0x00800236        0x0 ./MOTOR.o
 .bss           0x00800236        0x0 ./MOTOR_Cfg.o
 .bss           0x00800236        0x0 ./Pot.o
 .bss           0x00800236        0x0 ./String_Serive.o
 .bss           0x00800236        0x0 ./TEMP_Filter.o
 .bss           0x00800236        0x0 ./Temp_Program.o
 .bss           0x00800236        0x0 ./UART.o
 .bss           0x00800236        0x0 ./UART_Service.o
 .bss           0x00800236        0x0 ./WDT.o
 .bss           0x00800236        0x0 ./main.o
 .bss           0x00800236        0x0 e:/job/imt_sdk_win_64/imt_sdk_win_64/winavr/bin/../lib/gcc/avr/4.3.3/avr5\libgcc.a(_mulsi3.o)
 .bss           0x00800236        0x0 e:/job/imt_sdk_win_64/imt_sdk_win_64/winavr/bin/../lib/gcc/avr/4.3.3/avr5\libgcc.a(_udivmodhi4.o)
 .bss           0x00800236        0x0 e:/job/imt_sdk_win_64/imt_sdk_win_64/winavr/bin/../lib/gcc/avr/4.3.3/avr5\libgcc.a(_udivmodsi4.o)
 .bss           0x00800236        0x0 e:/job/imt_sdk_win_64/imt_sdk_win_64/winavr/bin/../lib/gcc/avr/4.3.3/avr5\libgcc.a(_divmodsi4.o)
 .bss           0x00800236        0x0 e:/job/imt_sdk_win_64/imt_sdk_win_64/winavr/bin/../lib/gcc/avr/4.3.3/avr5\libgcc.a(_exit.o)
 .bss           0x00800236        0x0 e:/job/imt_sdk_win_64/imt_sdk_win_64/winavr/bin/../lib/gcc/avr/4.3.3/avr5\libgcc.a(_copy_data.o)
 .bss           0x00800236        0x0 e:/job/imt_sdk_win_64/imt_sdk_win_64/winavr/bin/../lib/gcc/avr/4.3.3/avr5\libgcc.a(_clear_bss.o)
 .bss           0x00800236        0x0 e:/job/imt_sdk_win_64/imt_sdk_win_64/winavr/bin/../lib/gcc/avr/4.3.3/avr5\libgcc.a(_fixunssfsi.o)
 .bss           0x00800236        0x0 e:/job/imt_sdk_win_64/imt_sdk_win_64/winavr/bin/../lib/gcc/avr/4.3.3/avr5\libgcc.a(_divdi3.o)
 .bss           0x00800236        0x0 e:/job/imt_sdk_win_64/imt_sdk_win_64/winavr/bin/../lib/gcc/avr/4.3.3/avr5\libgcc.a(_moddi3.o)
 .bss           0x00800236        0x0 e:/job/imt_sdk_win_64/imt_sdk_win_64/winavr/bin/../lib/gcc/avr/4.3.3/avr5\libgcc.a(_addsub_sf.o)
 .bss           0x00800236        0x0 e:/job/imt_sdk_win_64/imt_sdk_win_64/winavr/bin/../lib/gcc/avr/4.3.3/avr5\libgcc.a(_mul_sf.o)
 .bss           0x00800236        0x0 e:/job/imt_sdk_win_64/imt_sdk_win_64/winavr/bin/../lib/gcc/avr/4.3.3/avr5\libgcc.a(_div_sf.o)
 .bss           0x00800236        0x0 e:/job/imt_sdk_win_64/imt_sdk_win_64/winavr/bin/../lib/gcc/avr/4.3.3/avr5\libgcc.a(_gt_sf.o)
 .bss           0x00800236        0x0 e:/job/imt_sdk_win_64/imt_sdk_win_64/winavr/bin/../lib/gcc/avr/4.3.3/avr5\libgcc.a(_ge_sf.o)
 .bss           0x00800236        0x0 e:/job/imt_sdk_win_64/imt_sdk_win_64/winavr/bin/../lib/gcc/avr/4.3.3/avr5\libgcc.a(_lt_sf.o)
 .bss           0x00800236        0x0 e:/job/imt_sdk_win_64/imt_sdk_win_64/winavr/bin/../lib/gcc/avr/4.3.3/avr5\libgcc.a(_sf_to_si.o)
 .bss           0x00800236        0x0 e:/job/imt_sdk_win_64/imt_sdk_win_64/winavr/bin/../lib/gcc/avr/4.3.3/avr5\libgcc.a(_thenan_sf.o)
 .bss           0x00800236        0x0 e:/job/imt_sdk_win_64/imt_sdk_win_64/winavr/bin/../lib/gcc/avr/4.3.3/avr5\libgcc.a(_prologue.o)
 .bss           0x00800236        0x0 e:/job/imt_sdk_win_64/imt_sdk_win_64/winavr/bin/../lib/gcc/avr/4.3.3/avr5\libgcc.a(_epilogue.o)
 .bss           0x00800236        0x0 e:/job/imt_sdk_win_64/imt_sdk_win_64/winavr/bin/../lib/gcc/avr/4.3.3/avr5\libgcc.a(_clz.o)
 .bss           0x00800236        0x0 e:/job/imt_sdk_win_64/imt_sdk_win_64/winavr/bin/../lib/gcc/avr/4.3.3/avr5\libgcc.a(_pack_sf.o)
 .bss           0x00800236        0x0 e:/job/imt_sdk_win_64/imt_sdk_win_64/winavr/bin/../lib/gcc/avr/4.3.3/avr5\libgcc.a(_unpack_sf.o)
 .bss           0x00800236        0x0 e:/job/imt_sdk_win_64/imt_sdk_win_64/winavr/bin/../lib/gcc/avr/4.3.3/avr5\libgcc.a(_fpcmp_parts_sf.o)
 *(.bss*)
 .bss.ADC_Fptr  0x00800236        0x2 ./ADC_Proram.o
 .bss.INT0_Fptr
                0x00800238        0x2 ./EX_Interrupt.o
 .bss.INT1_Fptr
                0x0080023a        0x2 ./EX_Interrupt.o
 .bss.INT2_Fptr
                0x0080023c        0x2 ./EX_Interrupt.o
 .bss.System_Flag
                0x0080023e        0x1 ./FireAlarm.o
 .bss.Flag_FireState
                0x0080023f        0x1 ./FireAlarm.o
 .bss.pass_EEPROM
                0x00800240        0xa ./FireAlarm.o
 .bss.pass      0x0080024a        0xa ./FireAlarm.o
 .bss.pass_index
                0x00800254        0x1 ./FireAlarm.o
 .bss.Pass_Flag
                0x00800255        0x1 ./FireAlarm.o
 .bss.Temp      0x00800256        0x2 ./FireAlarm.o
 .bss.pot       0x00800258        0x2 ./FireAlarm.o
 .bss.key       0x0080025a        0x1 ./FireAlarm.o
 .bss.LINE      0x0080025b        0x1 ./LCD.o
 .bss.CELL      0x0080025c        0x1 ./LCD.o
 .bss.temp_arr  0x0080025d       0x14 ./TEMP_Filter.o
                0x0080025d                temp_arr
 .bss.i         0x00800271        0x1 ./TEMP_Filter.o
 .bss.j         0x00800272        0x1 ./TEMP_Filter.o
 .bss.k         0x00800273        0x1 ./TEMP_Filter.o
 .bss.MeanTemp  0x00800274        0x2 ./TEMP_Filter.o
                0x00800274                MeanTemp
 .bss.temp      0x00800276        0x2 ./TEMP_Filter.o
                0x00800276                temp
 .bss.SumTemp   0x00800278        0x4 ./TEMP_Filter.o
                0x00800278                SumTemp
 .bss.filter_flag
                0x0080027c        0x2 ./TEMP_Filter.o
 .bss.adc       0x0080027e        0x2 ./Temp_Program.o
 .bss.volt      0x00800280        0x2 ./Temp_Program.o
 .bss.temp      0x00800282        0x2 ./Temp_Program.o
 .bss.UART_Tx_Fptr
                0x00800284        0x2 ./UART.o
 .bss.UART_Rx_Fptr
                0x00800286        0x2 ./UART.o
 *(COMMON)
                0x00800288                PROVIDE (__bss_end, .)
                0x00007b2c                __data_load_start = LOADADDR (.data)
                0x00007d02                __data_load_end = (__data_load_start + SIZEOF (.data))

.noinit         0x00800288        0x0
                0x00800288                PROVIDE (__noinit_start, .)
 *(.noinit*)
                0x00800288                PROVIDE (__noinit_end, .)
                0x00800288                _end = .
                0x00800288                PROVIDE (__heap_start, .)

.eeprom         0x00810000        0x0
 *(.eeprom*)
                0x00810000                __eeprom_end = .

.fuse
 *(.fuse)
 *(.lfuse)
 *(.hfuse)
 *(.efuse)

.lock
 *(.lock*)

.signature
 *(.signature*)

.stab           0x00000000     0x6408
 *(.stab)
 .stab          0x00000000      0x420 ./ADC_Proram.o
 .stab          0x00000420      0x714 ./DIO.o
                                0x7c8 (size before relaxing)
 .stab          0x00000b34       0xfc ./DIO_Cfg.o
                                0x21c (size before relaxing)
 .stab          0x00000c30      0x5b8 ./EX_EEPROM.o
                                0x66c (size before relaxing)
 .stab          0x000011e8      0x4bc ./EX_Interrupt.o
                                0x570 (size before relaxing)
 .stab          0x000016a4      0x978 ./FireAlarm.o
                                0xca8 (size before relaxing)
 .stab          0x0000201c      0x714 ./I2C.o
                                0x7ec (size before relaxing)
 .stab          0x00002730      0x3f0 ./KEYPAD.o
                                0x69c (size before relaxing)
 .stab          0x00002b20     0x1a4c ./LCD.o
                               0x1cf8 (size before relaxing)
 .stab          0x0000456c      0x24c ./MOTOR.o
                                0x54c (size before relaxing)
 .stab          0x000047b8      0x108 ./MOTOR_Cfg.o
                                0x27c (size before relaxing)
 .stab          0x000048c0      0x15c ./Pot.o
                                0x27c (size before relaxing)
 .stab          0x00004a1c      0x540 ./String_Serive.o
                                0x618 (size before relaxing)
 .stab          0x00004f5c      0x2dc ./TEMP_Filter.o
                                0x51c (size before relaxing)
 .stab          0x00005238      0x258 ./Temp_Program.o
                                0x378 (size before relaxing)
 .stab          0x00005490      0x4b0 ./UART.o
                                0x75c (size before relaxing)
 .stab          0x00005940      0x690 ./UART_Service.o
                                0x960 (size before relaxing)
 .stab          0x00005fd0      0x264 ./WDT.o
                                0x33c (size before relaxing)
 .stab          0x00006234      0x1d4 ./main.o
                                0x3b4 (size before relaxing)

.stabstr        0x00000000     0x228a
 *(.stabstr)
 .stabstr       0x00000000     0x228a ./ADC_Proram.o

.stab.excl
 *(.stab.excl)

.stab.exclstr
 *(.stab.exclstr)

.stab.index
 *(.stab.index)

.stab.indexstr
 *(.stab.indexstr)

.comment
 *(.comment)

.debug
 *(.debug)

.line
 *(.line)

.debug_srcinfo
 *(.debug_srcinfo)

.debug_sfnames
 *(.debug_sfnames)

.debug_aranges  0x00000000      0x1a0
 *(.debug_aranges)
 .debug_aranges
                0x00000000       0x20 e:/job/imt_sdk_win_64/imt_sdk_win_64/winavr/bin/../lib/gcc/avr/4.3.3/avr5\libgcc.a(_fixunssfsi.o)
 .debug_aranges
                0x00000020       0x20 e:/job/imt_sdk_win_64/imt_sdk_win_64/winavr/bin/../lib/gcc/avr/4.3.3/avr5\libgcc.a(_divdi3.o)
 .debug_aranges
                0x00000040       0x20 e:/job/imt_sdk_win_64/imt_sdk_win_64/winavr/bin/../lib/gcc/avr/4.3.3/avr5\libgcc.a(_moddi3.o)
 .debug_aranges
                0x00000060       0x20 e:/job/imt_sdk_win_64/imt_sdk_win_64/winavr/bin/../lib/gcc/avr/4.3.3/avr5\libgcc.a(_addsub_sf.o)
 .debug_aranges
                0x00000080       0x20 e:/job/imt_sdk_win_64/imt_sdk_win_64/winavr/bin/../lib/gcc/avr/4.3.3/avr5\libgcc.a(_mul_sf.o)
 .debug_aranges
                0x000000a0       0x20 e:/job/imt_sdk_win_64/imt_sdk_win_64/winavr/bin/../lib/gcc/avr/4.3.3/avr5\libgcc.a(_div_sf.o)
 .debug_aranges
                0x000000c0       0x20 e:/job/imt_sdk_win_64/imt_sdk_win_64/winavr/bin/../lib/gcc/avr/4.3.3/avr5\libgcc.a(_gt_sf.o)
 .debug_aranges
                0x000000e0       0x20 e:/job/imt_sdk_win_64/imt_sdk_win_64/winavr/bin/../lib/gcc/avr/4.3.3/avr5\libgcc.a(_ge_sf.o)
 .debug_aranges
                0x00000100       0x20 e:/job/imt_sdk_win_64/imt_sdk_win_64/winavr/bin/../lib/gcc/avr/4.3.3/avr5\libgcc.a(_lt_sf.o)
 .debug_aranges
                0x00000120       0x20 e:/job/imt_sdk_win_64/imt_sdk_win_64/winavr/bin/../lib/gcc/avr/4.3.3/avr5\libgcc.a(_sf_to_si.o)
 .debug_aranges
                0x00000140       0x20 e:/job/imt_sdk_win_64/imt_sdk_win_64/winavr/bin/../lib/gcc/avr/4.3.3/avr5\libgcc.a(_pack_sf.o)
 .debug_aranges
                0x00000160       0x20 e:/job/imt_sdk_win_64/imt_sdk_win_64/winavr/bin/../lib/gcc/avr/4.3.3/avr5\libgcc.a(_unpack_sf.o)
 .debug_aranges
                0x00000180       0x20 e:/job/imt_sdk_win_64/imt_sdk_win_64/winavr/bin/../lib/gcc/avr/4.3.3/avr5\libgcc.a(_fpcmp_parts_sf.o)

.debug_pubnames
                0x00000000      0x1ed
 *(.debug_pubnames)
 .debug_pubnames
                0x00000000       0x23 e:/job/imt_sdk_win_64/imt_sdk_win_64/winavr/bin/../lib/gcc/avr/4.3.3/avr5\libgcc.a(_fixunssfsi.o)
 .debug_pubnames
                0x00000023       0x1f e:/job/imt_sdk_win_64/imt_sdk_win_64/winavr/bin/../lib/gcc/avr/4.3.3/avr5\libgcc.a(_divdi3.o)
 .debug_pubnames
                0x00000042       0x1f e:/job/imt_sdk_win_64/imt_sdk_win_64/winavr/bin/../lib/gcc/avr/4.3.3/avr5\libgcc.a(_moddi3.o)
 .debug_pubnames
                0x00000061       0x2c e:/job/imt_sdk_win_64/imt_sdk_win_64/winavr/bin/../lib/gcc/avr/4.3.3/avr5\libgcc.a(_addsub_sf.o)
 .debug_pubnames
                0x0000008d       0x1f e:/job/imt_sdk_win_64/imt_sdk_win_64/winavr/bin/../lib/gcc/avr/4.3.3/avr5\libgcc.a(_mul_sf.o)
 .debug_pubnames
                0x000000ac       0x1f e:/job/imt_sdk_win_64/imt_sdk_win_64/winavr/bin/../lib/gcc/avr/4.3.3/avr5\libgcc.a(_div_sf.o)
 .debug_pubnames
                0x000000cb       0x1e e:/job/imt_sdk_win_64/imt_sdk_win_64/winavr/bin/../lib/gcc/avr/4.3.3/avr5\libgcc.a(_gt_sf.o)
 .debug_pubnames
                0x000000e9       0x1e e:/job/imt_sdk_win_64/imt_sdk_win_64/winavr/bin/../lib/gcc/avr/4.3.3/avr5\libgcc.a(_ge_sf.o)
 .debug_pubnames
                0x00000107       0x1e e:/job/imt_sdk_win_64/imt_sdk_win_64/winavr/bin/../lib/gcc/avr/4.3.3/avr5\libgcc.a(_lt_sf.o)
 .debug_pubnames
                0x00000125       0x20 e:/job/imt_sdk_win_64/imt_sdk_win_64/winavr/bin/../lib/gcc/avr/4.3.3/avr5\libgcc.a(_sf_to_si.o)
 .debug_pubnames
                0x00000145       0x22 e:/job/imt_sdk_win_64/imt_sdk_win_64/winavr/bin/../lib/gcc/avr/4.3.3/avr5\libgcc.a(_thenan_sf.o)
 .debug_pubnames
                0x00000167       0x20 e:/job/imt_sdk_win_64/imt_sdk_win_64/winavr/bin/../lib/gcc/avr/4.3.3/avr5\libgcc.a(_clz.o)
 .debug_pubnames
                0x00000187       0x1f e:/job/imt_sdk_win_64/imt_sdk_win_64/winavr/bin/../lib/gcc/avr/4.3.3/avr5\libgcc.a(_pack_sf.o)
 .debug_pubnames
                0x000001a6       0x21 e:/job/imt_sdk_win_64/imt_sdk_win_64/winavr/bin/../lib/gcc/avr/4.3.3/avr5\libgcc.a(_unpack_sf.o)
 .debug_pubnames
                0x000001c7       0x26 e:/job/imt_sdk_win_64/imt_sdk_win_64/winavr/bin/../lib/gcc/avr/4.3.3/avr5\libgcc.a(_fpcmp_parts_sf.o)

.debug_info     0x00000000     0x2fc5
 *(.debug_info)
 .debug_info    0x00000000       0xb1 e:/job/imt_sdk_win_64/imt_sdk_win_64/winavr/bin/../lib/gcc/avr/4.3.3/avr5\libgcc.a(_fixunssfsi.o)
 .debug_info    0x000000b1      0x756 e:/job/imt_sdk_win_64/imt_sdk_win_64/winavr/bin/../lib/gcc/avr/4.3.3/avr5\libgcc.a(_divdi3.o)
 .debug_info    0x00000807      0x781 e:/job/imt_sdk_win_64/imt_sdk_win_64/winavr/bin/../lib/gcc/avr/4.3.3/avr5\libgcc.a(_moddi3.o)
 .debug_info    0x00000f88      0x47a e:/job/imt_sdk_win_64/imt_sdk_win_64/winavr/bin/../lib/gcc/avr/4.3.3/avr5\libgcc.a(_addsub_sf.o)
 .debug_info    0x00001402      0x485 e:/job/imt_sdk_win_64/imt_sdk_win_64/winavr/bin/../lib/gcc/avr/4.3.3/avr5\libgcc.a(_mul_sf.o)
 .debug_info    0x00001887      0x3fc e:/job/imt_sdk_win_64/imt_sdk_win_64/winavr/bin/../lib/gcc/avr/4.3.3/avr5\libgcc.a(_div_sf.o)
 .debug_info    0x00001c83      0x27f e:/job/imt_sdk_win_64/imt_sdk_win_64/winavr/bin/../lib/gcc/avr/4.3.3/avr5\libgcc.a(_gt_sf.o)
 .debug_info    0x00001f02      0x27f e:/job/imt_sdk_win_64/imt_sdk_win_64/winavr/bin/../lib/gcc/avr/4.3.3/avr5\libgcc.a(_ge_sf.o)
 .debug_info    0x00002181      0x27f e:/job/imt_sdk_win_64/imt_sdk_win_64/winavr/bin/../lib/gcc/avr/4.3.3/avr5\libgcc.a(_lt_sf.o)
 .debug_info    0x00002400      0x2b0 e:/job/imt_sdk_win_64/imt_sdk_win_64/winavr/bin/../lib/gcc/avr/4.3.3/avr5\libgcc.a(_sf_to_si.o)
 .debug_info    0x000026b0      0x12c e:/job/imt_sdk_win_64/imt_sdk_win_64/winavr/bin/../lib/gcc/avr/4.3.3/avr5\libgcc.a(_thenan_sf.o)
 .debug_info    0x000027dc       0xa9 e:/job/imt_sdk_win_64/imt_sdk_win_64/winavr/bin/../lib/gcc/avr/4.3.3/avr5\libgcc.a(_clz.o)
 .debug_info    0x00002885      0x2df e:/job/imt_sdk_win_64/imt_sdk_win_64/winavr/bin/../lib/gcc/avr/4.3.3/avr5\libgcc.a(_pack_sf.o)
 .debug_info    0x00002b64      0x251 e:/job/imt_sdk_win_64/imt_sdk_win_64/winavr/bin/../lib/gcc/avr/4.3.3/avr5\libgcc.a(_unpack_sf.o)
 .debug_info    0x00002db5      0x210 e:/job/imt_sdk_win_64/imt_sdk_win_64/winavr/bin/../lib/gcc/avr/4.3.3/avr5\libgcc.a(_fpcmp_parts_sf.o)
 *(.gnu.linkonce.wi.*)

.debug_abbrev   0x00000000     0x14a9
 *(.debug_abbrev)
 .debug_abbrev  0x00000000       0x5d e:/job/imt_sdk_win_64/imt_sdk_win_64/winavr/bin/../lib/gcc/avr/4.3.3/avr5\libgcc.a(_fixunssfsi.o)
 .debug_abbrev  0x0000005d      0x19f e:/job/imt_sdk_win_64/imt_sdk_win_64/winavr/bin/../lib/gcc/avr/4.3.3/avr5\libgcc.a(_divdi3.o)
 .debug_abbrev  0x000001fc      0x19f e:/job/imt_sdk_win_64/imt_sdk_win_64/winavr/bin/../lib/gcc/avr/4.3.3/avr5\libgcc.a(_moddi3.o)
 .debug_abbrev  0x0000039b      0x1ea e:/job/imt_sdk_win_64/imt_sdk_win_64/winavr/bin/../lib/gcc/avr/4.3.3/avr5\libgcc.a(_addsub_sf.o)
 .debug_abbrev  0x00000585      0x21b e:/job/imt_sdk_win_64/imt_sdk_win_64/winavr/bin/../lib/gcc/avr/4.3.3/avr5\libgcc.a(_mul_sf.o)
 .debug_abbrev  0x000007a0      0x216 e:/job/imt_sdk_win_64/imt_sdk_win_64/winavr/bin/../lib/gcc/avr/4.3.3/avr5\libgcc.a(_div_sf.o)
 .debug_abbrev  0x000009b6      0x15a e:/job/imt_sdk_win_64/imt_sdk_win_64/winavr/bin/../lib/gcc/avr/4.3.3/avr5\libgcc.a(_gt_sf.o)
 .debug_abbrev  0x00000b10      0x15a e:/job/imt_sdk_win_64/imt_sdk_win_64/winavr/bin/../lib/gcc/avr/4.3.3/avr5\libgcc.a(_ge_sf.o)
 .debug_abbrev  0x00000c6a      0x15a e:/job/imt_sdk_win_64/imt_sdk_win_64/winavr/bin/../lib/gcc/avr/4.3.3/avr5\libgcc.a(_lt_sf.o)
 .debug_abbrev  0x00000dc4      0x17f e:/job/imt_sdk_win_64/imt_sdk_win_64/winavr/bin/../lib/gcc/avr/4.3.3/avr5\libgcc.a(_sf_to_si.o)
 .debug_abbrev  0x00000f43       0xad e:/job/imt_sdk_win_64/imt_sdk_win_64/winavr/bin/../lib/gcc/avr/4.3.3/avr5\libgcc.a(_thenan_sf.o)
 .debug_abbrev  0x00000ff0       0x6a e:/job/imt_sdk_win_64/imt_sdk_win_64/winavr/bin/../lib/gcc/avr/4.3.3/avr5\libgcc.a(_clz.o)
 .debug_abbrev  0x0000105a      0x1c0 e:/job/imt_sdk_win_64/imt_sdk_win_64/winavr/bin/../lib/gcc/avr/4.3.3/avr5\libgcc.a(_pack_sf.o)
 .debug_abbrev  0x0000121a      0x154 e:/job/imt_sdk_win_64/imt_sdk_win_64/winavr/bin/../lib/gcc/avr/4.3.3/avr5\libgcc.a(_unpack_sf.o)
 .debug_abbrev  0x0000136e      0x13b e:/job/imt_sdk_win_64/imt_sdk_win_64/winavr/bin/../lib/gcc/avr/4.3.3/avr5\libgcc.a(_fpcmp_parts_sf.o)

.debug_line     0x00000000     0x14a6
 *(.debug_line)
 .debug_line    0x00000000       0xa7 e:/job/imt_sdk_win_64/imt_sdk_win_64/winavr/bin/../lib/gcc/avr/4.3.3/avr5\libgcc.a(_fixunssfsi.o)
 .debug_line    0x000000a7      0x228 e:/job/imt_sdk_win_64/imt_sdk_win_64/winavr/bin/../lib/gcc/avr/4.3.3/avr5\libgcc.a(_divdi3.o)
 .debug_line    0x000002cf      0x280 e:/job/imt_sdk_win_64/imt_sdk_win_64/winavr/bin/../lib/gcc/avr/4.3.3/avr5\libgcc.a(_moddi3.o)
 .debug_line    0x0000054f      0x2af e:/job/imt_sdk_win_64/imt_sdk_win_64/winavr/bin/../lib/gcc/avr/4.3.3/avr5\libgcc.a(_addsub_sf.o)
 .debug_line    0x000007fe      0x239 e:/job/imt_sdk_win_64/imt_sdk_win_64/winavr/bin/../lib/gcc/avr/4.3.3/avr5\libgcc.a(_mul_sf.o)
 .debug_line    0x00000a37      0x1d5 e:/job/imt_sdk_win_64/imt_sdk_win_64/winavr/bin/../lib/gcc/avr/4.3.3/avr5\libgcc.a(_div_sf.o)
 .debug_line    0x00000c0c       0xd3 e:/job/imt_sdk_win_64/imt_sdk_win_64/winavr/bin/../lib/gcc/avr/4.3.3/avr5\libgcc.a(_gt_sf.o)
 .debug_line    0x00000cdf       0xd3 e:/job/imt_sdk_win_64/imt_sdk_win_64/winavr/bin/../lib/gcc/avr/4.3.3/avr5\libgcc.a(_ge_sf.o)
 .debug_line    0x00000db2       0xd3 e:/job/imt_sdk_win_64/imt_sdk_win_64/winavr/bin/../lib/gcc/avr/4.3.3/avr5\libgcc.a(_lt_sf.o)
 .debug_line    0x00000e85      0x109 e:/job/imt_sdk_win_64/imt_sdk_win_64/winavr/bin/../lib/gcc/avr/4.3.3/avr5\libgcc.a(_sf_to_si.o)
 .debug_line    0x00000f8e       0x90 e:/job/imt_sdk_win_64/imt_sdk_win_64/winavr/bin/../lib/gcc/avr/4.3.3/avr5\libgcc.a(_thenan_sf.o)
 .debug_line    0x0000101e       0x7c e:/job/imt_sdk_win_64/imt_sdk_win_64/winavr/bin/../lib/gcc/avr/4.3.3/avr5\libgcc.a(_clz.o)
 .debug_line    0x0000109a      0x18a e:/job/imt_sdk_win_64/imt_sdk_win_64/winavr/bin/../lib/gcc/avr/4.3.3/avr5\libgcc.a(_pack_sf.o)
 .debug_line    0x00001224      0x14b e:/job/imt_sdk_win_64/imt_sdk_win_64/winavr/bin/../lib/gcc/avr/4.3.3/avr5\libgcc.a(_unpack_sf.o)
 .debug_line    0x0000136f      0x137 e:/job/imt_sdk_win_64/imt_sdk_win_64/winavr/bin/../lib/gcc/avr/4.3.3/avr5\libgcc.a(_fpcmp_parts_sf.o)

.debug_frame    0x00000000      0x1c0
 *(.debug_frame)
 .debug_frame   0x00000000       0x20 e:/job/imt_sdk_win_64/imt_sdk_win_64/winavr/bin/../lib/gcc/avr/4.3.3/avr5\libgcc.a(_fixunssfsi.o)
 .debug_frame   0x00000020       0x20 e:/job/imt_sdk_win_64/imt_sdk_win_64/winavr/bin/../lib/gcc/avr/4.3.3/avr5\libgcc.a(_divdi3.o)
 .debug_frame   0x00000040       0x20 e:/job/imt_sdk_win_64/imt_sdk_win_64/winavr/bin/../lib/gcc/avr/4.3.3/avr5\libgcc.a(_moddi3.o)
 .debug_frame   0x00000060       0x40 e:/job/imt_sdk_win_64/imt_sdk_win_64/winavr/bin/../lib/gcc/avr/4.3.3/avr5\libgcc.a(_addsub_sf.o)
 .debug_frame   0x000000a0       0x20 e:/job/imt_sdk_win_64/imt_sdk_win_64/winavr/bin/../lib/gcc/avr/4.3.3/avr5\libgcc.a(_mul_sf.o)
 .debug_frame   0x000000c0       0x20 e:/job/imt_sdk_win_64/imt_sdk_win_64/winavr/bin/../lib/gcc/avr/4.3.3/avr5\libgcc.a(_div_sf.o)
 .debug_frame   0x000000e0       0x20 e:/job/imt_sdk_win_64/imt_sdk_win_64/winavr/bin/../lib/gcc/avr/4.3.3/avr5\libgcc.a(_gt_sf.o)
 .debug_frame   0x00000100       0x20 e:/job/imt_sdk_win_64/imt_sdk_win_64/winavr/bin/../lib/gcc/avr/4.3.3/avr5\libgcc.a(_ge_sf.o)
 .debug_frame   0x00000120       0x20 e:/job/imt_sdk_win_64/imt_sdk_win_64/winavr/bin/../lib/gcc/avr/4.3.3/avr5\libgcc.a(_lt_sf.o)
 .debug_frame   0x00000140       0x20 e:/job/imt_sdk_win_64/imt_sdk_win_64/winavr/bin/../lib/gcc/avr/4.3.3/avr5\libgcc.a(_sf_to_si.o)
 .debug_frame   0x00000160       0x20 e:/job/imt_sdk_win_64/imt_sdk_win_64/winavr/bin/../lib/gcc/avr/4.3.3/avr5\libgcc.a(_pack_sf.o)
 .debug_frame   0x00000180       0x20 e:/job/imt_sdk_win_64/imt_sdk_win_64/winavr/bin/../lib/gcc/avr/4.3.3/avr5\libgcc.a(_unpack_sf.o)
 .debug_frame   0x000001a0       0x20 e:/job/imt_sdk_win_64/imt_sdk_win_64/winavr/bin/../lib/gcc/avr/4.3.3/avr5\libgcc.a(_fpcmp_parts_sf.o)

.debug_str      0x00000000      0x350
 *(.debug_str)
 .debug_str     0x00000000       0xbf e:/job/imt_sdk_win_64/imt_sdk_win_64/winavr/bin/../lib/gcc/avr/4.3.3/avr5\libgcc.a(_fixunssfsi.o)
                                 0xfe (size before relaxing)
 .debug_str     0x000000bf       0x8c e:/job/imt_sdk_win_64/imt_sdk_win_64/winavr/bin/../lib/gcc/avr/4.3.3/avr5\libgcc.a(_divdi3.o)
                                0x189 (size before relaxing)
 .debug_str     0x0000014b        0x9 e:/job/imt_sdk_win_64/imt_sdk_win_64/winavr/bin/../lib/gcc/avr/4.3.3/avr5\libgcc.a(_moddi3.o)
                                0x189 (size before relaxing)
 .debug_str     0x00000154      0x14d e:/job/imt_sdk_win_64/imt_sdk_win_64/winavr/bin/../lib/gcc/avr/4.3.3/avr5\libgcc.a(_addsub_sf.o)
                                0x206 (size before relaxing)
 .debug_str     0x000002a1       0x27 e:/job/imt_sdk_win_64/imt_sdk_win_64/winavr/bin/../lib/gcc/avr/4.3.3/avr5\libgcc.a(_mul_sf.o)
                                0x1bf (size before relaxing)
 .debug_str     0x000002c8       0x35 e:/job/imt_sdk_win_64/imt_sdk_win_64/winavr/bin/../lib/gcc/avr/4.3.3/avr5\libgcc.a(_div_sf.o)
                                0x1c8 (size before relaxing)
 .debug_str     0x000002fd        0x8 e:/job/imt_sdk_win_64/imt_sdk_win_64/winavr/bin/../lib/gcc/avr/4.3.3/avr5\libgcc.a(_gt_sf.o)
                                0x195 (size before relaxing)
 .debug_str     0x00000305        0x8 e:/job/imt_sdk_win_64/imt_sdk_win_64/winavr/bin/../lib/gcc/avr/4.3.3/avr5\libgcc.a(_ge_sf.o)
                                0x195 (size before relaxing)
 .debug_str     0x0000030d        0x8 e:/job/imt_sdk_win_64/imt_sdk_win_64/winavr/bin/../lib/gcc/avr/4.3.3/avr5\libgcc.a(_lt_sf.o)
                                0x195 (size before relaxing)
 .debug_str     0x00000315        0xa e:/job/imt_sdk_win_64/imt_sdk_win_64/winavr/bin/../lib/gcc/avr/4.3.3/avr5\libgcc.a(_sf_to_si.o)
                                0x19e (size before relaxing)
 .debug_str     0x00000000      0x103 e:/job/imt_sdk_win_64/imt_sdk_win_64/winavr/bin/../lib/gcc/avr/4.3.3/avr5\libgcc.a(_thenan_sf.o)
 .debug_str     0x00000000       0xf4 e:/job/imt_sdk_win_64/imt_sdk_win_64/winavr/bin/../lib/gcc/avr/4.3.3/avr5\libgcc.a(_clz.o)
 .debug_str     0x0000031f       0x16 e:/job/imt_sdk_win_64/imt_sdk_win_64/winavr/bin/../lib/gcc/avr/4.3.3/avr5\libgcc.a(_pack_sf.o)
                                0x19d (size before relaxing)
 .debug_str     0x00000335        0xb e:/job/imt_sdk_win_64/imt_sdk_win_64/winavr/bin/../lib/gcc/avr/4.3.3/avr5\libgcc.a(_unpack_sf.o)
                                0x17f (size before relaxing)
 .debug_str     0x00000340       0x10 e:/job/imt_sdk_win_64/imt_sdk_win_64/winavr/bin/../lib/gcc/avr/4.3.3/avr5\libgcc.a(_fpcmp_parts_sf.o)
                                0x163 (size before relaxing)

.debug_loc      0x00000000     0x2280
 *(.debug_loc)
 .debug_loc     0x00000000       0x34 e:/job/imt_sdk_win_64/imt_sdk_win_64/winavr/bin/../lib/gcc/avr/4.3.3/avr5\libgcc.a(_fixunssfsi.o)
 .debug_loc     0x00000034      0xe71 e:/job/imt_sdk_win_64/imt_sdk_win_64/winavr/bin/../lib/gcc/avr/4.3.3/avr5\libgcc.a(_divdi3.o)
 .debug_loc     0x00000ea5      0xb81 e:/job/imt_sdk_win_64/imt_sdk_win_64/winavr/bin/../lib/gcc/avr/4.3.3/avr5\libgcc.a(_moddi3.o)
 .debug_loc     0x00001a26      0x32a e:/job/imt_sdk_win_64/imt_sdk_win_64/winavr/bin/../lib/gcc/avr/4.3.3/avr5\libgcc.a(_addsub_sf.o)
 .debug_loc     0x00001d50      0x104 e:/job/imt_sdk_win_64/imt_sdk_win_64/winavr/bin/../lib/gcc/avr/4.3.3/avr5\libgcc.a(_mul_sf.o)
 .debug_loc     0x00001e54       0xc0 e:/job/imt_sdk_win_64/imt_sdk_win_64/winavr/bin/../lib/gcc/avr/4.3.3/avr5\libgcc.a(_div_sf.o)
 .debug_loc     0x00001f14       0x3c e:/job/imt_sdk_win_64/imt_sdk_win_64/winavr/bin/../lib/gcc/avr/4.3.3/avr5\libgcc.a(_gt_sf.o)
 .debug_loc     0x00001f50       0x3c e:/job/imt_sdk_win_64/imt_sdk_win_64/winavr/bin/../lib/gcc/avr/4.3.3/avr5\libgcc.a(_ge_sf.o)
 .debug_loc     0x00001f8c       0x3c e:/job/imt_sdk_win_64/imt_sdk_win_64/winavr/bin/../lib/gcc/avr/4.3.3/avr5\libgcc.a(_lt_sf.o)
 .debug_loc     0x00001fc8       0x7e e:/job/imt_sdk_win_64/imt_sdk_win_64/winavr/bin/../lib/gcc/avr/4.3.3/avr5\libgcc.a(_sf_to_si.o)
 .debug_loc     0x00002046      0x13e e:/job/imt_sdk_win_64/imt_sdk_win_64/winavr/bin/../lib/gcc/avr/4.3.3/avr5\libgcc.a(_pack_sf.o)
 .debug_loc     0x00002184       0xac e:/job/imt_sdk_win_64/imt_sdk_win_64/winavr/bin/../lib/gcc/avr/4.3.3/avr5\libgcc.a(_unpack_sf.o)
 .debug_loc     0x00002230       0x50 e:/job/imt_sdk_win_64/imt_sdk_win_64/winavr/bin/../lib/gcc/avr/4.3.3/avr5\libgcc.a(_fpcmp_parts_sf.o)

.debug_macinfo
 *(.debug_macinfo)
OUTPUT(Fire_Alarm_System.elf elf32-avr)
LOAD linker stubs

.debug_ranges   0x00000000       0x80
 .debug_ranges  0x00000000       0x18 e:/job/imt_sdk_win_64/imt_sdk_win_64/winavr/bin/../lib/gcc/avr/4.3.3/avr5\libgcc.a(_divdi3.o)
 .debug_ranges  0x00000018       0x18 e:/job/imt_sdk_win_64/imt_sdk_win_64/winavr/bin/../lib/gcc/avr/4.3.3/avr5\libgcc.a(_moddi3.o)
 .debug_ranges  0x00000030       0x50 e:/job/imt_sdk_win_64/imt_sdk_win_64/winavr/bin/../lib/gcc/avr/4.3.3/avr5\libgcc.a(_mul_sf.o)
